>// SYNTAX TEST "source.apex"
#^^^^^^^^^^^^^^^^^^^^^^^^^^^^ source.apex comment.line.double-slash.apex
>
>[SELECT Id, Name FROM Account WHERE Name = 'test' LIMIT 10]
#^ source.apex meta.soql.apex
# ^^^^^^ source.apex meta.soql.apex keyword.other.soql.apex
#       ^^^^^^^^^^ source.apex meta.soql.apex
#                 ^^^^ source.apex meta.soql.apex keyword.other.soql.apex
#                     ^^^^^^^^^ source.apex meta.soql.apex
#                              ^^^^^ source.apex meta.soql.apex keyword.other.soql.apex
#                                   ^^^^^^^^ source.apex meta.soql.apex
#                                           ^ source.apex meta.soql.apex string.quoted.single.soql.apex
#                                            ^^^^ source.apex meta.soql.apex string.quoted.single.soql.apex
#                                                ^ source.apex meta.soql.apex string.quoted.single.soql.apex
#                                                 ^ source.apex meta.soql.apex
#                                                  ^^^^^ source.apex meta.soql.apex keyword.other.soql.apex
#                                                       ^ source.apex meta.soql.apex
#                                                        ^^ source.apex meta.soql.apex constant.numeric.integer.apex
#                                                          ^ source.apex meta.soql.apex
>// <--- keyword.other.soql.apex
#^^^^^^^^^^^^^^^^^^^^^^^^^^^^^^^ source.apex comment.line.double-slash.apex
>//      ^^ entity.name.type.apex
#^^^^^^^^^^^^^^^^^^^^^^^^^^^^^^^^ source.apex comment.line.double-slash.apex
>//              ^^^^ keyword.other.soql.apex
#^^^^^^^^^^^^^^^^^^^^^^^^^^^^^^^^^^^^^^^^^^^^ source.apex comment.line.double-slash.apex
>//                   ^^^^^^^ entity.name.type.apex
#^^^^^^^^^^^^^^^^^^^^^^^^^^^^^^^^^^^^^^^^^^^^^^^^^^ source.apex comment.line.double-slash.apex
>//                           ^^^^^ keyword.other.soql.apex
#^^^^^^^^^^^^^^^^^^^^^^^^^^^^^^^^^^^^^^^^^^^^^^^^^^^^^^^^^^ source.apex comment.line.double-slash.apex
>//                                         ^^^^^^ string.quoted.single.soql.apex
#^^^^^^^^^^^^^^^^^^^^^^^^^^^^^^^^^^^^^^^^^^^^^^^^^^^^^^^^^^^^^^^^^^^^^^^^^^^^^^^^ source.apex comment.line.double-slash.apex
>//                                                ^^^^^ keyword.other.soql.apex
#^^^^^^^^^^^^^^^^^^^^^^^^^^^^^^^^^^^^^^^^^^^^^^^^^^^^^^^^^^^^^^^^^^^^^^^^^^^^^^^ source.apex comment.line.double-slash.apex
>